src/app/(shop)/cart/page.tsx(168,63): error TS2339: Property 'regularPrice' does not exist on type 'CartItem'.
src/app/(shop)/cart/page.tsx(170,71): error TS2339: Property 'regularPrice' does not exist on type 'CartItem'.
src/app/(shop)/cart/page.tsx(176,59): error TS2339: Property 'category' does not exist on type 'CartItem'.
src/app/(shop)/checkout/page.tsx(51,40): error TS2345: Argument of type 'CartItem[]' is not assignable to parameter of type 'import("C:/IDE-PROJECTS/ANTIGRAVITY/PATHAK/amrit-next-sovereign/src/lib/cart-utils").CartItem[]'.
  Type 'CartItem' is not assignable to type 'import("C:/IDE-PROJECTS/ANTIGRAVITY/PATHAK/amrit-next-sovereign/src/lib/cart-utils").CartItem'.
    Type 'CartItem' is not assignable to type '{ id: string; title: string; price: string; image: string; category: string; description: string; slug: string; sku: string; featured: boolean; regularPrice?: undefined; subscription?: undefined; badge?: undefined; } & { ...; }'.
      Type 'CartItem' is missing the following properties from type '{ id: string; title: string; price: string; image: string; category: string; description: string; slug: string; sku: string; featured: boolean; regularPrice?: undefined; subscription?: undefined; badge?: undefined; }': category, description, sku, featured
src/app/(shop)/checkout/page.tsx(261,22): error TS2304: Cannot find name 'Link'.
src/app/(shop)/checkout/page.tsx(263,23): error TS2304: Cannot find name 'Link'.
